// Jest Snapshot v1, https://goo.gl/fbAQLP

exports[`Rate demo test 1`] = `
Array [
  <p>
    基础用法
  </p>,
  <div
    className="ucee-rate"
  >
    <div
      className="ucee-rate__item"
      onClick={[Function]}
    >
      <div
        className="ucee-rate__star ucee-rate--active"
        style={
          Object {
            "color": undefined,
          }
        }
      >
        <i
          className="ucee-icon ucee-icon-favor-fill-light"
          style={
            Object {
              "fontSize": "20px",
            }
          }
        />
      </div>
    </div>
    <div
      className="ucee-rate__item"
      onClick={[Function]}
    >
      <div
        className="ucee-rate__star ucee-rate--active"
        style={
          Object {
            "color": undefined,
          }
        }
      >
        <i
          className="ucee-icon ucee-icon-favor-fill-light"
          style={
            Object {
              "fontSize": "20px",
            }
          }
        />
      </div>
    </div>
    <div
      className="ucee-rate__item"
      onClick={[Function]}
    >
      <div
        className="ucee-rate__star"
        style={
          Object {
            "color": undefined,
          }
        }
      >
        <i
          className="ucee-icon ucee-icon-favor-light"
          style={
            Object {
              "fontSize": "20px",
            }
          }
        />
      </div>
    </div>
    <div
      className="ucee-rate__item"
      onClick={[Function]}
    >
      <div
        className="ucee-rate__star"
        style={
          Object {
            "color": undefined,
          }
        }
      >
        <i
          className="ucee-icon ucee-icon-favor-light"
          style={
            Object {
              "fontSize": "20px",
            }
          }
        />
      </div>
    </div>
    <div
      className="ucee-rate__item"
      onClick={[Function]}
    >
      <div
        className="ucee-rate__star"
        style={
          Object {
            "color": undefined,
          }
        }
      >
        <i
          className="ucee-icon ucee-icon-favor-light"
          style={
            Object {
              "fontSize": "20px",
            }
          }
        />
      </div>
    </div>
  </div>,
  <br />,
  <br />,
  <p>
    只读
  </p>,
  <div
    className="ucee-rate"
  >
    <div
      className="ucee-rate__item ucee-rate--readOnly"
      onClick={[Function]}
    >
      <div
        className="ucee-rate__star ucee-rate--active"
        style={
          Object {
            "color": undefined,
          }
        }
      >
        <i
          className="ucee-icon ucee-icon-favor-fill-light"
          style={
            Object {
              "fontSize": "20px",
            }
          }
        />
      </div>
    </div>
    <div
      className="ucee-rate__item ucee-rate--readOnly"
      onClick={[Function]}
    >
      <div
        className="ucee-rate__star ucee-rate--active"
        style={
          Object {
            "color": undefined,
          }
        }
      >
        <i
          className="ucee-icon ucee-icon-favor-fill-light"
          style={
            Object {
              "fontSize": "20px",
            }
          }
        />
      </div>
    </div>
    <div
      className="ucee-rate__item ucee-rate--readOnly"
      onClick={[Function]}
    >
      <div
        className="ucee-rate__star"
        style={
          Object {
            "color": undefined,
          }
        }
      >
        <i
          className="ucee-icon ucee-icon-favor-light"
          style={
            Object {
              "fontSize": "20px",
            }
          }
        />
      </div>
    </div>
    <div
      className="ucee-rate__item ucee-rate--readOnly"
      onClick={[Function]}
    >
      <div
        className="ucee-rate__star"
        style={
          Object {
            "color": undefined,
          }
        }
      >
        <i
          className="ucee-icon ucee-icon-favor-light"
          style={
            Object {
              "fontSize": "20px",
            }
          }
        />
      </div>
    </div>
    <div
      className="ucee-rate__item ucee-rate--readOnly"
      onClick={[Function]}
    >
      <div
        className="ucee-rate__star"
        style={
          Object {
            "color": undefined,
          }
        }
      >
        <i
          className="ucee-icon ucee-icon-favor-light"
          style={
            Object {
              "fontSize": "20px",
            }
          }
        />
      </div>
    </div>
  </div>,
  <br />,
  <br />,
  <p>
    禁用
  </p>,
  <div
    className="ucee-rate"
  >
    <div
      className="ucee-rate__item ucee-rate--disabled"
      onClick={[Function]}
    >
      <div
        className="ucee-rate__star ucee-rate--active"
        style={
          Object {
            "color": undefined,
          }
        }
      >
        <i
          className="ucee-icon ucee-icon-favor-fill-light"
          style={
            Object {
              "fontSize": "20px",
            }
          }
        />
      </div>
    </div>
    <div
      className="ucee-rate__item ucee-rate--disabled"
      onClick={[Function]}
    >
      <div
        className="ucee-rate__star ucee-rate--active"
        style={
          Object {
            "color": undefined,
          }
        }
      >
        <i
          className="ucee-icon ucee-icon-favor-fill-light"
          style={
            Object {
              "fontSize": "20px",
            }
          }
        />
      </div>
    </div>
    <div
      className="ucee-rate__item ucee-rate--disabled"
      onClick={[Function]}
    >
      <div
        className="ucee-rate__star"
        style={
          Object {
            "color": undefined,
          }
        }
      >
        <i
          className="ucee-icon ucee-icon-favor-light"
          style={
            Object {
              "fontSize": "20px",
            }
          }
        />
      </div>
    </div>
    <div
      className="ucee-rate__item ucee-rate--disabled"
      onClick={[Function]}
    >
      <div
        className="ucee-rate__star"
        style={
          Object {
            "color": undefined,
          }
        }
      >
        <i
          className="ucee-icon ucee-icon-favor-light"
          style={
            Object {
              "fontSize": "20px",
            }
          }
        />
      </div>
    </div>
    <div
      className="ucee-rate__item ucee-rate--disabled"
      onClick={[Function]}
    >
      <div
        className="ucee-rate__star"
        style={
          Object {
            "color": undefined,
          }
        }
      >
        <i
          className="ucee-icon ucee-icon-favor-light"
          style={
            Object {
              "fontSize": "20px",
            }
          }
        />
      </div>
    </div>
  </div>,
  <br />,
  <br />,
  <p>
    半星
  </p>,
  <div
    className="ucee-rate"
  >
    <div
      className="ucee-rate__item ucee-rate--readOnly"
      onClick={[Function]}
    >
      <div
        className="ucee-rate__star ucee-rate--active"
        style={
          Object {
            "color": undefined,
          }
        }
      >
        <i
          className="ucee-icon ucee-icon-favor-fill-light"
          style={
            Object {
              "fontSize": "20px",
            }
          }
        />
      </div>
      <div
        className="ucee-rate__star ucee-rate--active ucee-rate--half ucee-rate--active"
        onClick={[Function]}
        style={
          Object {
            "color": undefined,
            "width": "100%",
          }
        }
      >
        <i
          className="ucee-icon ucee-icon-favor-fill-light"
          style={
            Object {
              "fontSize": "20px",
            }
          }
        />
      </div>
    </div>
    <div
      className="ucee-rate__item ucee-rate--readOnly"
      onClick={[Function]}
    >
      <div
        className="ucee-rate__star ucee-rate--active"
        style={
          Object {
            "color": undefined,
          }
        }
      >
        <i
          className="ucee-icon ucee-icon-favor-fill-light"
          style={
            Object {
              "fontSize": "20px",
            }
          }
        />
      </div>
      <div
        className="ucee-rate__star ucee-rate--active ucee-rate--half ucee-rate--active"
        onClick={[Function]}
        style={
          Object {
            "color": undefined,
            "width": "100%",
          }
        }
      >
        <i
          className="ucee-icon ucee-icon-favor-fill-light"
          style={
            Object {
              "fontSize": "20px",
            }
          }
        />
      </div>
    </div>
    <div
      className="ucee-rate__item ucee-rate--readOnly"
      onClick={[Function]}
    >
      <div
        className="ucee-rate__star ucee-rate--active"
        style={
          Object {
            "color": undefined,
          }
        }
      >
        <i
          className="ucee-icon ucee-icon-favor-fill-light"
          style={
            Object {
              "fontSize": "20px",
            }
          }
        />
      </div>
      <div
        className="ucee-rate__star ucee-rate--active ucee-rate--half ucee-rate--active"
        onClick={[Function]}
        style={
          Object {
            "color": undefined,
            "width": "100%",
          }
        }
      >
        <i
          className="ucee-icon ucee-icon-favor-fill-light"
          style={
            Object {
              "fontSize": "20px",
            }
          }
        />
      </div>
    </div>
    <div
      className="ucee-rate__item ucee-rate--readOnly"
      onClick={[Function]}
    >
      <div
        className="ucee-rate__star"
        style={
          Object {
            "color": undefined,
          }
        }
      >
        <i
          className="ucee-icon ucee-icon-favor-light"
          style={
            Object {
              "fontSize": "20px",
            }
          }
        />
      </div>
      <div
        className="ucee-rate__star ucee-rate--half ucee-rate--active"
        onClick={[Function]}
        style={
          Object {
            "color": undefined,
            "width": "40%",
          }
        }
      >
        <i
          className="ucee-icon ucee-icon-favor-fill-light"
          style={
            Object {
              "fontSize": "20px",
            }
          }
        />
      </div>
    </div>
    <div
      className="ucee-rate__item ucee-rate--readOnly"
      onClick={[Function]}
    >
      <div
        className="ucee-rate__star"
        style={
          Object {
            "color": undefined,
          }
        }
      >
        <i
          className="ucee-icon ucee-icon-favor-light"
          style={
            Object {
              "fontSize": "20px",
            }
          }
        />
      </div>
      <div
        className="ucee-rate__star ucee-rate--half"
        onClick={[Function]}
        style={
          Object {
            "color": undefined,
            "width": "50%%",
          }
        }
      >
        <i
          className="ucee-icon ucee-icon-favor-fill-light"
          style={
            Object {
              "fontSize": "20px",
            }
          }
        />
      </div>
    </div>
  </div>,
  "只读 ",
  <br />,
  <div
    className="ucee-rate"
  >
    <div
      className="ucee-rate__item"
      onClick={[Function]}
    >
      <div
        className="ucee-rate__star ucee-rate--active"
        style={
          Object {
            "color": undefined,
          }
        }
      >
        <i
          className="ucee-icon ucee-icon-favor-fill-light"
          style={
            Object {
              "fontSize": "26px",
            }
          }
        />
      </div>
      <div
        className="ucee-rate__star ucee-rate--active ucee-rate--half ucee-rate--active"
        onClick={[Function]}
        style={
          Object {
            "color": undefined,
            "width": "100%",
          }
        }
      >
        <i
          className="ucee-icon ucee-icon-favor-fill-light"
          style={
            Object {
              "fontSize": "26px",
            }
          }
        />
      </div>
    </div>
    <div
      className="ucee-rate__item"
      onClick={[Function]}
    >
      <div
        className="ucee-rate__star ucee-rate--active"
        style={
          Object {
            "color": undefined,
          }
        }
      >
        <i
          className="ucee-icon ucee-icon-favor-fill-light"
          style={
            Object {
              "fontSize": "26px",
            }
          }
        />
      </div>
      <div
        className="ucee-rate__star ucee-rate--active ucee-rate--half ucee-rate--active"
        onClick={[Function]}
        style={
          Object {
            "color": undefined,
            "width": "100%",
          }
        }
      >
        <i
          className="ucee-icon ucee-icon-favor-fill-light"
          style={
            Object {
              "fontSize": "26px",
            }
          }
        />
      </div>
    </div>
    <div
      className="ucee-rate__item"
      onClick={[Function]}
    >
      <div
        className="ucee-rate__star ucee-rate--active"
        style={
          Object {
            "color": undefined,
          }
        }
      >
        <i
          className="ucee-icon ucee-icon-favor-fill-light"
          style={
            Object {
              "fontSize": "26px",
            }
          }
        />
      </div>
      <div
        className="ucee-rate__star ucee-rate--active ucee-rate--half ucee-rate--active"
        onClick={[Function]}
        style={
          Object {
            "color": undefined,
            "width": "100%",
          }
        }
      >
        <i
          className="ucee-icon ucee-icon-favor-fill-light"
          style={
            Object {
              "fontSize": "26px",
            }
          }
        />
      </div>
    </div>
    <div
      className="ucee-rate__item"
      onClick={[Function]}
    >
      <div
        className="ucee-rate__star"
        style={
          Object {
            "color": undefined,
          }
        }
      >
        <i
          className="ucee-icon ucee-icon-favor-light"
          style={
            Object {
              "fontSize": "26px",
            }
          }
        />
      </div>
      <div
        className="ucee-rate__star ucee-rate--half ucee-rate--active"
        onClick={[Function]}
        style={
          Object {
            "color": undefined,
            "width": "50%",
          }
        }
      >
        <i
          className="ucee-icon ucee-icon-favor-fill-light"
          style={
            Object {
              "fontSize": "26px",
            }
          }
        />
      </div>
    </div>
    <div
      className="ucee-rate__item"
      onClick={[Function]}
    >
      <div
        className="ucee-rate__star"
        style={
          Object {
            "color": undefined,
          }
        }
      >
        <i
          className="ucee-icon ucee-icon-favor-light"
          style={
            Object {
              "fontSize": "26px",
            }
          }
        />
      </div>
      <div
        className="ucee-rate__star ucee-rate--half"
        onClick={[Function]}
        style={
          Object {
            "color": undefined,
            "width": "50%%",
          }
        }
      >
        <i
          className="ucee-icon ucee-icon-favor-fill-light"
          style={
            Object {
              "fontSize": "26px",
            }
          }
        />
      </div>
    </div>
  </div>,
  <br />,
  <br />,
  <p>
    自定义颜色
  </p>,
  <div
    className="ucee-rate"
  >
    <div
      className="ucee-rate__item"
      onClick={[Function]}
    >
      <div
        className="ucee-rate__star ucee-rate--active"
        style={
          Object {
            "color": "#ff5500",
          }
        }
      >
        <i
          className="ucee-icon ucee-icon-favor-fill-light"
          style={
            Object {
              "fontSize": "20px",
            }
          }
        />
      </div>
    </div>
    <div
      className="ucee-rate__item"
      onClick={[Function]}
    >
      <div
        className="ucee-rate__star ucee-rate--active"
        style={
          Object {
            "color": "#ff5500",
          }
        }
      >
        <i
          className="ucee-icon ucee-icon-favor-fill-light"
          style={
            Object {
              "fontSize": "20px",
            }
          }
        />
      </div>
    </div>
    <div
      className="ucee-rate__item"
      onClick={[Function]}
    >
      <div
        className="ucee-rate__star ucee-rate--active"
        style={
          Object {
            "color": "#ff5500",
          }
        }
      >
        <i
          className="ucee-icon ucee-icon-favor-fill-light"
          style={
            Object {
              "fontSize": "20px",
            }
          }
        />
      </div>
    </div>
    <div
      className="ucee-rate__item"
      onClick={[Function]}
    >
      <div
        className="ucee-rate__star"
        style={
          Object {
            "color": undefined,
          }
        }
      >
        <i
          className="ucee-icon ucee-icon-favor-light"
          style={
            Object {
              "fontSize": "20px",
            }
          }
        />
      </div>
    </div>
    <div
      className="ucee-rate__item"
      onClick={[Function]}
    >
      <div
        className="ucee-rate__star"
        style={
          Object {
            "color": undefined,
          }
        }
      >
        <i
          className="ucee-icon ucee-icon-favor-light"
          style={
            Object {
              "fontSize": "20px",
            }
          }
        />
      </div>
    </div>
  </div>,
  <br />,
  <div
    className="ucee-rate"
  >
    <div
      className="ucee-rate__item"
      onClick={[Function]}
    >
      <div
        className="ucee-rate__star ucee-rate--active"
        style={
          Object {
            "color": undefined,
          }
        }
      >
        <i
          className="ucee-icon ucee-icon-favor-fill-light"
          style={
            Object {
              "fontSize": "20px",
            }
          }
        />
      </div>
    </div>
    <div
      className="ucee-rate__item"
      onClick={[Function]}
    >
      <div
        className="ucee-rate__star ucee-rate--active"
        style={
          Object {
            "color": undefined,
          }
        }
      >
        <i
          className="ucee-icon ucee-icon-favor-fill-light"
          style={
            Object {
              "fontSize": "20px",
            }
          }
        />
      </div>
    </div>
    <div
      className="ucee-rate__item"
      onClick={[Function]}
    >
      <div
        className="ucee-rate__star ucee-rate--active"
        style={
          Object {
            "color": undefined,
          }
        }
      >
        <i
          className="ucee-icon ucee-icon-favor-fill-light"
          style={
            Object {
              "fontSize": "20px",
            }
          }
        />
      </div>
    </div>
    <div
      className="ucee-rate__item"
      onClick={[Function]}
    >
      <div
        className="ucee-rate__star"
        style={
          Object {
            "color": "#1989fa",
          }
        }
      >
        <i
          className="ucee-icon ucee-icon-favor-light"
          style={
            Object {
              "fontSize": "20px",
            }
          }
        />
      </div>
    </div>
    <div
      className="ucee-rate__item"
      onClick={[Function]}
    >
      <div
        className="ucee-rate__star"
        style={
          Object {
            "color": "#1989fa",
          }
        }
      >
        <i
          className="ucee-icon ucee-icon-favor-light"
          style={
            Object {
              "fontSize": "20px",
            }
          }
        />
      </div>
    </div>
  </div>,
  <br />,
  <br />,
  <p>
    自定义图标
  </p>,
  <div
    className="ucee-rate"
  >
    <div
      className="ucee-rate__item"
      onClick={[Function]}
    >
      <div
        className="ucee-rate__star ucee-rate--active"
        style={
          Object {
            "color": undefined,
          }
        }
      >
        <i
          className="ucee-icon ucee-icon-like-fill"
          style={Object {}}
        />
      </div>
    </div>
    <div
      className="ucee-rate__item"
      onClick={[Function]}
    >
      <div
        className="ucee-rate__star ucee-rate--active"
        style={
          Object {
            "color": undefined,
          }
        }
      >
        <i
          className="ucee-icon ucee-icon-like-fill"
          style={Object {}}
        />
      </div>
    </div>
    <div
      className="ucee-rate__item"
      onClick={[Function]}
    >
      <div
        className="ucee-rate__star"
        style={
          Object {
            "color": undefined,
          }
        }
      >
        <i
          className="ucee-icon ucee-icon-like-fill"
          style={Object {}}
        />
      </div>
    </div>
    <div
      className="ucee-rate__item"
      onClick={[Function]}
    >
      <div
        className="ucee-rate__star"
        style={
          Object {
            "color": undefined,
          }
        }
      >
        <i
          className="ucee-icon ucee-icon-like-fill"
          style={Object {}}
        />
      </div>
    </div>
    <div
      className="ucee-rate__item"
      onClick={[Function]}
    >
      <div
        className="ucee-rate__star"
        style={
          Object {
            "color": undefined,
          }
        }
      >
        <i
          className="ucee-icon ucee-icon-like-fill"
          style={Object {}}
        />
      </div>
    </div>
  </div>,
  <br />,
  <div
    className="ucee-rate"
  >
    <div
      className="ucee-rate__item"
      onClick={[Function]}
    >
      <div
        className="ucee-rate__star ucee-rate--active"
        style={
          Object {
            "color": "#ff5500",
          }
        }
      >
        <i
          className="ucee-icon ucee-icon-like-fill"
          style={Object {}}
        />
      </div>
    </div>
    <div
      className="ucee-rate__item"
      onClick={[Function]}
    >
      <div
        className="ucee-rate__star ucee-rate--active"
        style={
          Object {
            "color": "#ff5500",
          }
        }
      >
        <i
          className="ucee-icon ucee-icon-like-fill"
          style={Object {}}
        />
      </div>
    </div>
    <div
      className="ucee-rate__item"
      onClick={[Function]}
    >
      <div
        className="ucee-rate__star"
        style={
          Object {
            "color": undefined,
          }
        }
      >
        <i
          className="ucee-icon ucee-icon-like-fill"
          style={Object {}}
        />
      </div>
    </div>
    <div
      className="ucee-rate__item"
      onClick={[Function]}
    >
      <div
        className="ucee-rate__star"
        style={
          Object {
            "color": undefined,
          }
        }
      >
        <i
          className="ucee-icon ucee-icon-like-fill"
          style={Object {}}
        />
      </div>
    </div>
    <div
      className="ucee-rate__item"
      onClick={[Function]}
    >
      <div
        className="ucee-rate__star"
        style={
          Object {
            "color": undefined,
          }
        }
      >
        <i
          className="ucee-icon ucee-icon-like-fill"
          style={Object {}}
        />
      </div>
    </div>
  </div>,
  <br />,
  <div
    className="ucee-rate"
  >
    <div
      className="ucee-rate__item"
      onClick={[Function]}
    >
      <div
        className="ucee-rate__star ucee-rate--active"
        style={
          Object {
            "color": undefined,
          }
        }
      >
        <p>
          星
        </p>
      </div>
    </div>
    <div
      className="ucee-rate__item"
      onClick={[Function]}
    >
      <div
        className="ucee-rate__star ucee-rate--active"
        style={
          Object {
            "color": undefined,
          }
        }
      >
        <p>
          星
        </p>
      </div>
    </div>
    <div
      className="ucee-rate__item"
      onClick={[Function]}
    >
      <div
        className="ucee-rate__star"
        style={
          Object {
            "color": undefined,
          }
        }
      >
        <p>
          星
        </p>
      </div>
    </div>
    <div
      className="ucee-rate__item"
      onClick={[Function]}
    >
      <div
        className="ucee-rate__star"
        style={
          Object {
            "color": undefined,
          }
        }
      >
        <p>
          星
        </p>
      </div>
    </div>
    <div
      className="ucee-rate__item"
      onClick={[Function]}
    >
      <div
        className="ucee-rate__star"
        style={
          Object {
            "color": undefined,
          }
        }
      >
        <p>
          星
        </p>
      </div>
    </div>
  </div>,
  <br />,
  <br />,
  <p>
    onChange监听
  </p>,
  <div
    className="ucee-rate"
  >
    <div
      className="ucee-rate__item"
      onClick={[Function]}
    >
      <div
        className="ucee-rate__star ucee-rate--active"
        style={
          Object {
            "color": undefined,
          }
        }
      >
        <i
          className="ucee-icon ucee-icon-favor-fill-light"
          style={
            Object {
              "fontSize": "20px",
            }
          }
        />
      </div>
    </div>
    <div
      className="ucee-rate__item"
      onClick={[Function]}
    >
      <div
        className="ucee-rate__star ucee-rate--active"
        style={
          Object {
            "color": undefined,
          }
        }
      >
        <i
          className="ucee-icon ucee-icon-favor-fill-light"
          style={
            Object {
              "fontSize": "20px",
            }
          }
        />
      </div>
    </div>
    <div
      className="ucee-rate__item"
      onClick={[Function]}
    >
      <div
        className="ucee-rate__star ucee-rate--active"
        style={
          Object {
            "color": undefined,
          }
        }
      >
        <i
          className="ucee-icon ucee-icon-favor-fill-light"
          style={
            Object {
              "fontSize": "20px",
            }
          }
        />
      </div>
    </div>
    <div
      className="ucee-rate__item"
      onClick={[Function]}
    >
      <div
        className="ucee-rate__star"
        style={
          Object {
            "color": undefined,
          }
        }
      >
        <i
          className="ucee-icon ucee-icon-favor-light"
          style={
            Object {
              "fontSize": "20px",
            }
          }
        />
      </div>
    </div>
    <div
      className="ucee-rate__item"
      onClick={[Function]}
    >
      <div
        className="ucee-rate__star"
        style={
          Object {
            "color": undefined,
          }
        }
      >
        <i
          className="ucee-icon ucee-icon-favor-light"
          style={
            Object {
              "fontSize": "20px",
            }
          }
        />
      </div>
    </div>
  </div>,
  <br />,
]
`;
