// Jest Snapshot v1, https://goo.gl/fbAQLP

exports[`Field demo test 1`] = `
Array [
  <div
    className="ucee-field"
  >
    <div
      className="ucee-field__label"
    >
      <span>
        文本
      </span>
    </div>
    <div
      className="ucee-field__value ucee-field__right-clear"
    >
      <input
        className="ucee-field__control"
        onBlur={[Function]}
        onChange={[Function]}
        placeholder="请输入文本"
        value=""
      />
    </div>
  </div>,
  <div
    className="ucee-field"
  >
    <div
      className="ucee-field__label"
    >
      <span>
        文本
      </span>
    </div>
    <div
      className="ucee-field__value ucee-field__right-clear"
    >
      <input
        className="ucee-field__control"
        onBlur={[Function]}
        onChange={[Function]}
        placeholder="请输入文本"
        readOnly={true}
        value=""
      />
    </div>
  </div>,
  <div
    className="ucee-field ucee-field--disabled"
  >
    <div
      className="ucee-field__label"
    >
      <span>
        文本
      </span>
    </div>
    <div
      className="ucee-field__value ucee-field__right-clear"
    >
      <input
        className="ucee-field__control"
        onBlur={[Function]}
        onChange={[Function]}
        placeholder="请输入文本"
        value=""
      />
    </div>
  </div>,
  <div
    className="ucee-field ucee-field--right"
  >
    <div
      className="ucee-field__label"
    >
      <span>
        文本
      </span>
    </div>
    <div
      className="ucee-field__value ucee-field__right-clear"
    >
      <input
        className="ucee-field__control"
        onBlur={[Function]}
        onChange={[Function]}
        placeholder="请输入文本"
        value=""
      />
    </div>
  </div>,
  <div>
    type
  </div>,
  <div
    className="ucee-field ucee-field--border"
  >
    <div
      className="ucee-field__label"
    >
      <span>
        密码
      </span>
    </div>
    <div
      className="ucee-field__value ucee-field__right-clear"
    >
      <input
        className="ucee-field__control"
        onBlur={[Function]}
        onChange={[Function]}
        placeholder="请输入密码"
        type="password"
        value=""
      />
    </div>
  </div>,
  <div
    className="ucee-field"
  >
    <div
      className="ucee-field__label"
    >
      <span>
        数字
      </span>
    </div>
    <div
      className="ucee-field__value ucee-field__right-clear"
    >
      <input
        className="ucee-field__control"
        onBlur={[Function]}
        onChange={[Function]}
        placeholder="请输入数字"
        type="number"
        value=""
      />
    </div>
  </div>,
  <div
    className="ucee-field"
  >
    <div
      className="ucee-field__label"
    >
      <span>
        手机号
      </span>
    </div>
    <div
      className="ucee-field__value ucee-field__right-clear"
    >
      <input
        className="ucee-field__control"
        onBlur={[Function]}
        onChange={[Function]}
        placeholder="请输入手机号"
        type="tel"
        value=""
      />
    </div>
  </div>,
  <div
    className="ucee-field"
  >
    <div
      className="ucee-field__label"
    >
      <span>
        小数
      </span>
    </div>
    <div
      className="ucee-field__value ucee-field__right-clear"
    >
      <input
        className="ucee-field__control"
        onBlur={[Function]}
        onChange={[Function]}
        placeholder="请输入小数"
        value=""
      />
    </div>
  </div>,
  <div
    className="ucee-field"
  >
    <div
      className="ucee-field__label"
    >
      <span>
        整数
      </span>
    </div>
    <div
      className="ucee-field__value ucee-field__right-clear"
    >
      <input
        className="ucee-field__control"
        onBlur={[Function]}
        onChange={[Function]}
        placeholder="请输入整数"
        value=""
      />
    </div>
  </div>,
  <div>
    icon
  </div>,
  <div
    className="ucee-field"
  >
    <div
      className="ucee-field__left-icon"
    >
      <i
        className="ucee-icon ucee-icon-mine"
        style={Object {}}
      />
    </div>
    <div
      className="ucee-field__label"
    >
      <span>
        图标
      </span>
    </div>
    <div
      className="ucee-field__value ucee-field__right-clear"
    >
      <input
        className="ucee-field__control"
        onBlur={[Function]}
        onChange={[Function]}
        placeholder="请输入文本"
        value=""
      />
    </div>
  </div>,
  <div
    className="ucee-field"
  >
    <div
      className="ucee-field__label"
    >
      <span>
        图标
      </span>
    </div>
    <div
      className="ucee-field__value ucee-field__right-clear"
    >
      <input
        className="ucee-field__control"
        onBlur={[Function]}
        onChange={[Function]}
        placeholder="请输入文本"
        value=""
      />
    </div>
  </div>,
  <div
    className="ucee-field"
  >
    <div
      className="ucee-field__label"
    >
      <span>
        图标
      </span>
    </div>
    <div
      className="ucee-field__value ucee-field__right-clear"
    >
      <input
        className="ucee-field__control"
        onBlur={[Function]}
        onChange={[Function]}
        placeholder="请输入文本"
        value=""
      />
    </div>
    <div
      className="ucee-field__right-icon"
    >
      <i
        className="ucee-icon ucee-icon-search"
        style={Object {}}
      />
    </div>
  </div>,
  <div
    className="ucee-field"
  >
    <div
      className="ucee-field__label"
    >
      <span>
        图标
      </span>
    </div>
    <div
      className="ucee-field__value ucee-field__right-clear"
    >
      <input
        className="ucee-field__control"
        onBlur={[Function]}
        onChange={[Function]}
        placeholder="请输入文本"
        value=""
      />
    </div>
    <div
      className="ucee-field__right-icon"
    >
      <button
        className="ucee-button ucee-button--primary ucee-button--small"
        onClick={[Function]}
        style={Object {}}
      >
        发送验证码
      </button>
    </div>
  </div>,
  <div>
    type
  </div>,
  <div
    className="ucee-field"
  >
    <div
      className="ucee-field__label"
    >
      <span>
        onChange
      </span>
    </div>
    <div
      className="ucee-field__value ucee-field__right-clear"
    >
      <input
        className="ucee-field__control"
        onBlur={[Function]}
        onChange={[Function]}
        placeholder="请输入文本"
        value=""
      />
    </div>
  </div>,
  <div
    className="ucee-field"
  >
    <div
      className="ucee-field__label"
    >
      <span>
        integer
      </span>
    </div>
    <div
      className="ucee-field__value ucee-field__right-clear"
    >
      <input
        className="ucee-field__control"
        onBlur={[Function]}
        onChange={[Function]}
        placeholder="请输入数字"
        value=""
      />
    </div>
  </div>,
  <div
    className="ucee-field"
  >
    <div
      className="ucee-field__label"
    >
      <span>
        float
      </span>
    </div>
    <div
      className="ucee-field__value ucee-field__right-clear"
    >
      <input
        className="ucee-field__control"
        onBlur={[Function]}
        onChange={[Function]}
        placeholder="请输入浮点数"
        value=""
      />
    </div>
  </div>,
]
`;
