// Jest Snapshot v1, https://goo.gl/fbAQLP

exports[`Search demo test 1`] = `
Array [
  <div
    className="ucee-search"
    style={
      Object {
        "background": undefined,
      }
    }
  >
    <div
      className="ucee-search__content"
    >
      <input
        className="ucee-search__input"
        onChange={[Function]}
        onKeyDown={[Function]}
        placeholder="请输入搜索关键字"
        type="search"
        value=""
      />
    </div>
    <div
      className="ucee-search__action"
    />
  </div>,
  <div
    className="ucee-search"
    style={
      Object {
        "background": undefined,
      }
    }
  >
    <div
      className="ucee-search__content"
    >
      <span
        className="ucee-search__lable"
      >
        地址
      </span>
      <input
        className="ucee-search__input"
        onChange={[Function]}
        onKeyDown={[Function]}
        placeholder="请输入搜索关键字"
        type="search"
        value=""
      />
    </div>
    <div
      className="ucee-search__action"
    />
  </div>,
  <div
    className="ucee-search"
    style={
      Object {
        "background": undefined,
      }
    }
  >
    <div
      className="ucee-search__content"
    >
      <span
        className="ucee-search__lable"
      >
        清除按钮
      </span>
      <input
        className="ucee-search__input ucee-search__input-clear"
        onChange={[Function]}
        onKeyDown={[Function]}
        placeholder="请输入搜索关键字"
        type="search"
        value=""
      />
    </div>
    <div
      className="ucee-search__action"
    />
  </div>,
  <div
    className="ucee-search"
    style={
      Object {
        "background": undefined,
      }
    }
  >
    <div
      className="ucee-search__content"
    >
      <span
        className="ucee-search__lable"
      >
        地址
      </span>
      <input
        className="ucee-search__input"
        onChange={[Function]}
        onKeyDown={[Function]}
        placeholder="请输入搜索关键字"
        readOnly={true}
        type="search"
        value=""
      />
    </div>
    <div
      className="ucee-search__action"
    />
  </div>,
  <div
    className="ucee-search"
    style={
      Object {
        "background": undefined,
      }
    }
  >
    <div
      className="ucee-search__content ucee-search--disable"
    >
      <input
        className="ucee-search__input"
        disabled={true}
        onChange={[Function]}
        onKeyDown={[Function]}
        placeholder="disabled"
        type="search"
        value=""
      />
    </div>
    <div
      className="ucee-search__action"
    />
  </div>,
  <div
    className="ucee-search"
    style={
      Object {
        "background": undefined,
      }
    }
  >
    <div
      className="ucee-search__content"
    >
      <input
        className="ucee-search__input"
        onChange={[Function]}
        onKeyDown={[Function]}
        placeholder="请输入搜索关键字"
        type="search"
        value=""
      />
    </div>
    <div
      className="ucee-search__action"
      onClick={[Function]}
    >
      取消
    </div>
  </div>,
  <div
    className="ucee-search"
    style={
      Object {
        "background": undefined,
      }
    }
  >
    <div
      className="ucee-search__content"
    >
      <input
        className="ucee-search__input"
        onChange={[Function]}
        onKeyDown={[Function]}
        placeholder="请输入搜索关键字"
        style={
          Object {
            "textAlign": "center",
          }
        }
        type="search"
        value=""
      />
    </div>
    <div
      className="ucee-search__action"
    />
  </div>,
  <div
    className="ucee-search"
    style={
      Object {
        "background": undefined,
      }
    }
  >
    <div
      className="ucee-search__content ucee-search--round"
    >
      <input
        className="ucee-search__input"
        onChange={[Function]}
        onKeyDown={[Function]}
        placeholder="半圆框形状"
        type="search"
        value=""
      />
    </div>
    <div
      className="ucee-search__action"
      onClick={[Function]}
    >
      取消
    </div>
  </div>,
  <div
    className="ucee-search"
    style={
      Object {
        "background": undefined,
      }
    }
  >
    <div
      className="ucee-search__content"
    >
      <input
        className="ucee-search__input"
        onChange={[Function]}
        onKeyDown={[Function]}
        placeholder="请输入搜索关键字"
        type="search"
        value=""
      />
    </div>
    <div
      className="ucee-search__action"
      onClick={[Function]}
    >
      自定义文字
    </div>
  </div>,
  <div
    className="ucee-search"
    style={
      Object {
        "background": undefined,
      }
    }
  >
    <div
      className="ucee-search__content"
    >
      <input
        className="ucee-search__input"
        onChange={[Function]}
        onKeyDown={[Function]}
        placeholder="请输入搜索关键字"
        type="search"
        value=""
      />
    </div>
    <div
      className="ucee-search__action"
    >
      <button
        className="ucee-button ucee-button--primary ucee-button--mini"
        onClick={[Function]}
        style={Object {}}
      >
        搜索
      </button>
    </div>
  </div>,
  <div
    className="ucee-search"
    style={
      Object {
        "background": undefined,
      }
    }
  >
    <div
      className="ucee-search__content"
    >
      <i
        className="ucee-icon ucee-icon-search"
        style={Object {}}
      />
      <input
        className="ucee-search__input"
        onChange={[Function]}
        onKeyDown={[Function]}
        placeholder="请输入搜索关键字"
        type="search"
        value=""
      />
    </div>
    <div
      className="ucee-search__action"
    />
  </div>,
  <div
    className="ucee-search"
    style={
      Object {
        "background": undefined,
      }
    }
  >
    <div
      className="ucee-search__content"
    >
      <input
        className="ucee-search__input"
        onChange={[Function]}
        onKeyDown={[Function]}
        placeholder="请输入搜索关键字"
        type="search"
        value=""
      />
      <i
        className="ucee-icon ucee-icon-search"
        style={Object {}}
      />
    </div>
    <div
      className="ucee-search__action"
    />
  </div>,
  <div
    className="ucee-search"
    style={
      Object {
        "background": "red",
      }
    }
  >
    <div
      className="ucee-search__content"
    >
      <input
        className="ucee-search__input"
        onChange={[Function]}
        onKeyDown={[Function]}
        placeholder="请输入搜索关键字"
        type="search"
        value=""
      />
    </div>
    <div
      className="ucee-search__action"
    />
  </div>,
  <div
    className="ucee-search"
    style={
      Object {
        "background": undefined,
      }
    }
  >
    <div
      className="ucee-search__content"
    >
      <input
        className="ucee-search__input"
        onChange={[Function]}
        onKeyDown={[Function]}
        placeholder="请输入搜索关键字"
        type="search"
        value=""
      />
    </div>
    <div
      className="ucee-search__action"
    />
  </div>,
]
`;
