// Jest Snapshot v1, https://goo.gl/fbAQLP

exports[`Checkbox demo test 1`] = `
Array [
  <div
    className="ucee-checkbox--square"
  >
    <label
      className="ucee-checkbox__wrapper"
    >
      <span
        className="ucee-checkbox"
      >
        <input
          className="ucee-checkbox__input"
          type="checkbox"
        />
        <span
          className="ucee-checkbox__inner"
        >
          <i
            className="ucee-checkbox__inner-custome"
          >
            <i
              className="ucee-icon ucee-icon-right"
              style={
                Object {
                  "fontSize": "20px",
                }
              }
            />
          </i>
        </span>
      </span>
      <span
        className="ucee-checkbox__text"
      >
        checkbox
      </span>
    </label>
  </div>,
  <div
    className="ucee-checkbox--square"
  >
    <label
      className="ucee-checkbox__wrapper"
    >
      <span
        className="ucee-checkbox"
      >
        <input
          className="ucee-checkbox__input"
          type="checkbox"
        />
        <span
          className="ucee-checkbox__inner"
          style={
            Object {
              "color": "red",
            }
          }
        >
          <i
            className="ucee-checkbox__inner-custome"
          >
            <i
              className="ucee-icon ucee-icon-right"
              style={
                Object {
                  "fontSize": "20px",
                }
              }
            />
          </i>
        </span>
      </span>
      <span
        className="ucee-checkbox__text"
      >
        自定义颜色
      </span>
    </label>
  </div>,
  <div
    className="ucee-checkbox--square"
  >
    <label
      className="ucee-checkbox__wrapper"
    >
      <span
        className="ucee-checkbox"
      >
        <input
          className="ucee-checkbox__input"
          type="checkbox"
          value="myValue"
        />
        <span
          className="ucee-checkbox__inner"
        >
          <i
            className="ucee-checkbox__inner-custome"
          >
            <i
              className="ucee-icon ucee-icon-right"
              style={
                Object {
                  "fontSize": "20px",
                }
              }
            />
          </i>
        </span>
      </span>
      <span
        className="ucee-checkbox__text"
      >
        自定值
      </span>
    </label>
  </div>,
  <div
    className="ucee-checkbox--disabled ucee-checkbox--square"
  >
    <label
      className="ucee-checkbox__wrapper"
    >
      <span
        className="ucee-checkbox"
      >
        <input
          className="ucee-checkbox__input"
          disabled={true}
          type="checkbox"
        />
        <span
          className="ucee-checkbox__inner"
          style={
            Object {
              "color": "#c8c9cc",
            }
          }
        >
          <i
            className="ucee-checkbox__inner-custome"
          >
            <i
              className="ucee-icon ucee-icon-right"
              style={
                Object {
                  "fontSize": "20px",
                }
              }
            />
          </i>
        </span>
      </span>
      <span
        className="ucee-checkbox__text"
      >
        禁止点击
      </span>
    </label>
  </div>,
  <div
    className="ucee-checkbox--disabled ucee-checkbox--checked ucee-checkbox--square"
  >
    <label
      className="ucee-checkbox__wrapper"
    >
      <span
        className="ucee-checkbox"
      >
        <input
          className="ucee-checkbox__input"
          defaultChecked={true}
          disabled={true}
          type="checkbox"
        />
        <span
          className="ucee-checkbox__inner"
          style={
            Object {
              "color": "#c8c9cc",
            }
          }
        >
          <i
            className="ucee-checkbox__inner-custome"
          >
            <i
              className="ucee-icon ucee-icon-right"
              style={
                Object {
                  "fontSize": "20px",
                }
              }
            />
          </i>
        </span>
      </span>
      <span
        className="ucee-checkbox__text"
      >
        禁止点击
      </span>
    </label>
  </div>,
  <div
    className="ucee-checkbox--checked ucee-checkbox--square"
  >
    <label
      className="ucee-checkbox__wrapper"
    >
      <span
        className="ucee-checkbox"
      >
        <input
          className="ucee-checkbox__input"
          defaultChecked={true}
          type="checkbox"
        />
        <span
          className="ucee-checkbox__inner"
        >
          <i
            className="ucee-checkbox__inner-custome"
          >
            <i
              className="ucee-icon ucee-icon-right"
              style={
                Object {
                  "fontSize": "20px",
                }
              }
            />
          </i>
        </span>
      </span>
      <span
        className="ucee-checkbox__text"
      >
        默认选中
      </span>
    </label>
  </div>,
  <div
    className="ucee-checkbox--checked ucee-checkbox--square"
  >
    <label
      className="ucee-checkbox__wrapper"
    >
      <span
        className="ucee-checkbox"
      >
        <input
          className="ucee-checkbox__input"
          defaultChecked={true}
          type="checkbox"
        />
        <span
          className="ucee-checkbox__inner"
        >
          <i
            className="ucee-checkbox__inner-custome"
          >
            <i
              className="ucee-icon ucee-icon-right"
              style={
                Object {
                  "fontSize": "20px",
                }
              }
            />
          </i>
        </span>
      </span>
      <span
        className="ucee-checkbox__text"
      >
        默认选中
      </span>
    </label>
  </div>,
  <div
    className="ucee-checkbox--square"
  >
    <label
      className="ucee-checkbox__wrapper"
    >
      <span
        className="ucee-checkbox"
      >
        <input
          className="ucee-checkbox__input"
          type="checkbox"
        />
        <span
          className="ucee-checkbox__inner"
          style={
            Object {
              "height": "24px",
              "width": "24px",
            }
          }
        >
          <i
            className="ucee-checkbox__inner-custome"
          >
            <i
              className="ucee-icon ucee-icon-right"
              style={
                Object {
                  "fontSize": "24px",
                }
              }
            />
          </i>
        </span>
      </span>
      <span
        className="ucee-checkbox__text"
      >
        自定义大小
      </span>
    </label>
  </div>,
  <div
    className=""
  >
    <label
      className="ucee-checkbox__wrapper"
    >
      <span
        className="ucee-checkbox"
      >
        <input
          className="ucee-checkbox__input"
          type="checkbox"
        />
        <span
          className="ucee-checkbox__inner"
        >
          <i
            className="ucee-checkbox__inner-active"
          />
        </span>
      </span>
      <span
        className="ucee-checkbox__text"
      >
        圆形checkbox
      </span>
    </label>
  </div>,
  <div
    className=""
  >
    <label
      className="ucee-checkbox__wrapper"
    >
      <span
        className="ucee-checkbox"
      >
        <input
          className="ucee-checkbox__input"
          type="checkbox"
        />
        <span
          className="ucee-checkbox__inner"
          style={
            Object {
              "height": "25px",
              "width": "25px",
            }
          }
        >
          <i
            className="ucee-checkbox__inner-active"
            style={
              Object {
                "height": "12.5px",
                "width": "12.5px",
              }
            }
          />
        </span>
      </span>
      <span
        className="ucee-checkbox__text"
      >
        圆形自定义大小
      </span>
    </label>
  </div>,
  <div
    className="ucee-checkbox--square"
  >
    <label
      className="ucee-checkbox__wrapper"
    >
      <span
        className="ucee-checkbox"
      >
        <input
          className="ucee-checkbox__input"
          type="checkbox"
        />
        <span
          className="ucee-checkbox__inner"
        >
          <div
            className="ucee-checkbox__inner-custome"
          >
            <i
              className="ucee-icon ucee-icon-like"
              style={
                Object {
                  "fontSize": "15px",
                }
              }
            />
          </div>
        </span>
      </span>
      <span
        className="ucee-checkbox__text"
      >
        自定义选中形状
      </span>
    </label>
  </div>,
  <div
    className="ucee-checkbox--square"
  >
    <label
      className="ucee-checkbox__wrapper"
    >
      <span
        className="ucee-checkbox"
      >
        <input
          className="ucee-checkbox__input"
          type="checkbox"
        />
        <span
          className="ucee-checkbox__inner"
        >
          <div
            className="ucee-checkbox__inner-custome"
          >
            <i
              className="ucee-icon ucee-icon-like"
              style={
                Object {
                  "fontSize": "15px",
                }
              }
            />
          </div>
        </span>
      </span>
      <span
        className="ucee-checkbox__text"
      >
        自定义选中形状
      </span>
    </label>
  </div>,
]
`;
